enzbang password v2p@ramonat.fr 
turbo turbopass v2p@obry.net 
toto pwd toto@here.com 
